Archive member included because of file (symbol)

../../libgfe2368.a(gfe2368-info.o)
                              isoc_io_sample.o (info_init)
../../libgfe2368.a(gfe2368-util.o)
                              isoc_io_sample.o (init_color_led)
../../liblpc23xx/liblpc23xx.a(lpc23xx-mam.o)
                              isoc_io_sample.o (mam_enable)
../../liblpc23xx/liblpc23xx.a(lpc23xx-pll.o)
                              ../../libgfe2368.a(gfe2368-util.o) (pllquery_cclk_mhz)
../../liblpc23xx/liblpc23xx.a(lpc23xx-uart.o)
                              isoc_io_sample.o (uart0_init_115200)
../../liblpc23xx/liblpc23xx.a(lpc23xx-util.o)
                              ../../libgfe2368.a(gfe2368-util.o) (util_wait_msecs)
../../liblpc23xx/liblpc23xx.a(printf-lpc.o)
                              ../../libgfe2368.a(gfe2368-info.o) (printf_lpc)
/opt/cross/arm-elf/lib/libc.a(lib_a-strlen.o)
                              ../../libgfe2368.a(gfe2368-info.o) (strlen)
/opt/cross/arm-elf/lib/libc.a(lib_a-strncpy.o)
                              ../../libgfe2368.a(gfe2368-info.o) (strncpy)
/opt/cross/lib/gcc/arm-elf/4.5.2/libgcc.a(_udivsi3.o)
                              ../../liblpc23xx/liblpc23xx.a(lpc23xx-util.o) (__udivsi3)
/opt/cross/lib/gcc/arm-elf/4.5.2/libgcc.a(_umodsi3.o)
                              ../../liblpc23xx/liblpc23xx.a(lpc23xx-util.o) (__umodsi3)
/opt/cross/lib/gcc/arm-elf/4.5.2/libgcc.a(_dvmd_tls.o)
                              /opt/cross/lib/gcc/arm-elf/4.5.2/libgcc.a(_udivsi3.o) (__div0)

Memory Configuration

Name             Origin             Length             Attributes
flash            0x0000000000000000 0x000000000007d000
ram              0x0000000040000000 0x0000000000008000
usbram           0x000000007fd00000 0x0000000000002000
ethram           0x000000007fe00000 0x0000000000004000
*default*        0x0000000000000000 0xffffffffffffffff

Linker script and memory map

                0x0000000040007ffc                __stack_end__ = 0x40007ffc
                0x0000000000000000                . = 0x0

startup         0x0000000000000000       0x44
 *(.startup)
 .startup       0x0000000000000000       0x44 boot.o

prog            0x0000000000000044     0x1cf4
 *(.text)
 .text          0x0000000000000044       0xb8 boot.o
                0x0000000000000044                start
                0x00000000000000e0                endless_loop
 .text          0x00000000000000fc       0x80 isoc_io_sample.o
                0x00000000000000fc                main
 .text          0x000000000000017c       0x10 hwsys.o
                0x000000000000017c                IRQ_Routine
                0x0000000000000180                FIQ_Routine
                0x0000000000000184                SWI_Routine
                0x0000000000000188                UNDEF_Routine
 .text          0x000000000000018c       0x88 ../../libgfe2368.a(gfe2368-info.o)
                0x000000000000018c                info_init
                0x00000000000001f4                infoquery_gfe_boardtag
 .text          0x0000000000000214      0x4bc ../../libgfe2368.a(gfe2368-util.o)
                0x0000000000000214                init_color_led
                0x00000000000002d0                all_led_off
                0x0000000000000314                cycle_led
                0x0000000000000398                color_led_flash
 .text          0x00000000000006d0       0xe8 ../../liblpc23xx/liblpc23xx.a(lpc23xx-mam.o)
                0x00000000000006d0                mam_disable
                0x00000000000006ec                mam_enable_custom
                0x0000000000000708                mam_enable
 .text          0x00000000000007b8      0x4dc ../../liblpc23xx/liblpc23xx.a(lpc23xx-pll.o)
                0x00000000000007b8                pllquery_fcco_mhz
                0x00000000000007c8                pllquery_cclk_mhz
                0x00000000000007d8                pllfeed
                0x0000000000000804                pllstop
                0x000000000000086c                pllstart_seventytwomhz
                0x00000000000009d0                pllstart_sixtymhz
                0x0000000000000b34                pllstart_fourtyeightmhz
 .text          0x0000000000000c94      0x3ac ../../liblpc23xx/liblpc23xx.a(lpc23xx-uart.o)
                0x0000000000000c94                uart0_query_baud
                0x0000000000000ca4                uart0_query_charlength
                0x0000000000000cb4                uart0_query_stopbits
                0x0000000000000cc4                uart0_init_9600
                0x0000000000000ddc                uart0_init_115200
                0x0000000000000f04                uart0_putchar
                0x0000000000000f5c                uart0_putstring
                0x0000000000000fbc                uart0_getchar
                0x0000000000000fe0                uart0_getstring
 .text          0x0000000000001040      0x64c ../../liblpc23xx/liblpc23xx.a(lpc23xx-util.o)
                0x0000000000001040                util_getbitval
                0x0000000000001050                util_cpsrstat
                0x0000000000001244                microsecondsToCPUTicks
                0x0000000000001268                millisecondsToCPUTicks
                0x000000000000128c                util_itoa
                0x000000000000136c                util_uitoa
                0x0000000000001410                debug_msg
                0x0000000000001428                debug_val
                0x000000000000151c                putstring_lpc
                0x000000000000152c                putchar_lpc
                0x000000000000153c                util_waitticks
                0x000000000000158c                util_wait_msecs
                0x000000000000160c                util_wait_usecs
 .text          0x000000000000168c      0x17c ../../liblpc23xx/liblpc23xx.a(printf-lpc.o)
                0x000000000000168c                print_lpc
                0x00000000000017d8                printf_lpc
 .text          0x0000000000001808       0x60 /opt/cross/arm-elf/lib/libc.a(lib_a-strlen.o)
                0x0000000000001808                strlen
 .text          0x0000000000001868       0xec /opt/cross/arm-elf/lib/libc.a(lib_a-strncpy.o)
                0x0000000000001868                strncpy
 .text          0x0000000000001954      0x118 /opt/cross/lib/gcc/arm-elf/4.5.2/libgcc.a(_udivsi3.o)
                0x0000000000001954                __udivsi3
                0x0000000000001954                __aeabi_uidiv
                0x0000000000001a4c                __aeabi_uidivmod
 .text          0x0000000000001a6c       0xcc /opt/cross/lib/gcc/arm-elf/4.5.2/libgcc.a(_umodsi3.o)
                0x0000000000001a6c                __umodsi3
 .text          0x0000000000001b38        0x4 /opt/cross/lib/gcc/arm-elf/4.5.2/libgcc.a(_dvmd_tls.o)
                0x0000000000001b38                __div0
 *(.rodata)
 .rodata        0x0000000000001b3c       0x18 ../../libgfe2368.a(gfe2368-info.o)
 *(.rodata*)
 .rodata.str1.4
                0x0000000000001b54       0x42 isoc_io_sample.o
                                         0x4c (size before relaxing)
 *fill*         0x0000000000001b96        0x2 00
 .rodata.str1.4
                0x0000000000001b98      0x1a0 ../../liblpc23xx/liblpc23xx.a(lpc23xx-util.o)
                                        0x1a4 (size before relaxing)
 *(.glue_7)
 .glue_7        0x0000000000000000        0x0 linker stubs
 *(.glue_7t)
 .glue_7t       0x0000000000000000        0x0 linker stubs
                0x0000000000001d38                __end_of_text__ = .

.vfp11_veneer   0x0000000000001d38        0x0
 .vfp11_veneer  0x0000000000000000        0x0 linker stubs

.v4_bx          0x0000000000001d38        0x0
 .v4_bx         0x0000000000000000        0x0 linker stubs

.data           0x0000000040000000        0x0 load address 0x0000000000001d38
                0x0000000040000000                __data_beg__ = .
                0x0000000000001d38                __data_beg_src__ = __end_of_text__
 *(.data)
 .data          0x0000000040000000        0x0 boot.o
 .data          0x0000000040000000        0x0 isoc_io_sample.o
 .data          0x0000000040000000        0x0 hwsys.o
 .data          0x0000000040000000        0x0 ../../libgfe2368.a(gfe2368-info.o)
 .data          0x0000000040000000        0x0 ../../libgfe2368.a(gfe2368-util.o)
 .data          0x0000000040000000        0x0 ../../liblpc23xx/liblpc23xx.a(lpc23xx-mam.o)
 .data          0x0000000040000000        0x0 ../../liblpc23xx/liblpc23xx.a(lpc23xx-pll.o)
 .data          0x0000000040000000        0x0 ../../liblpc23xx/liblpc23xx.a(lpc23xx-uart.o)
 .data          0x0000000040000000        0x0 ../../liblpc23xx/liblpc23xx.a(lpc23xx-util.o)
 .data          0x0000000040000000        0x0 ../../liblpc23xx/liblpc23xx.a(printf-lpc.o)
 .data          0x0000000040000000        0x0 /opt/cross/arm-elf/lib/libc.a(lib_a-strlen.o)
 .data          0x0000000040000000        0x0 /opt/cross/arm-elf/lib/libc.a(lib_a-strncpy.o)
 .data          0x0000000040000000        0x0 /opt/cross/lib/gcc/arm-elf/4.5.2/libgcc.a(_udivsi3.o)
 .data          0x0000000040000000        0x0 /opt/cross/lib/gcc/arm-elf/4.5.2/libgcc.a(_umodsi3.o)
 .data          0x0000000040000000        0x0 /opt/cross/lib/gcc/arm-elf/4.5.2/libgcc.a(_dvmd_tls.o)
                0x0000000040000000                __data_end__ = .

.bss            0x0000000040000000      0x50c load address 0x0000000000001d38
                0x0000000040000000                __bss_beg__ = .
 *(.bss)
 .bss           0x0000000040000000        0x0 boot.o
 .bss           0x0000000040000000      0x404 isoc_io_sample.o
                0x0000000040000000                inputIsocDataBuffer
                0x0000000040000004                outputIsocDataBuffer
 .bss           0x0000000040000404        0x0 hwsys.o
 .bss           0x0000000040000404       0x34 ../../libgfe2368.a(gfe2368-info.o)
                0x0000000040000404                brd
 .bss           0x0000000040000438        0x0 ../../libgfe2368.a(gfe2368-util.o)
 .bss           0x0000000040000438        0x0 ../../liblpc23xx/liblpc23xx.a(lpc23xx-mam.o)
 .bss           0x0000000040000438        0x8 ../../liblpc23xx/liblpc23xx.a(lpc23xx-pll.o)
                0x0000000040000438                pllstat
 .bss           0x0000000040000440       0x84 ../../liblpc23xx/liblpc23xx.a(lpc23xx-uart.o)
                0x0000000040000440                uart0stat
 .bss           0x00000000400004c4       0x48 ../../liblpc23xx/liblpc23xx.a(lpc23xx-util.o)
 .bss           0x000000004000050c        0x0 ../../liblpc23xx/liblpc23xx.a(printf-lpc.o)
 .bss           0x000000004000050c        0x0 /opt/cross/arm-elf/lib/libc.a(lib_a-strlen.o)
 .bss           0x000000004000050c        0x0 /opt/cross/arm-elf/lib/libc.a(lib_a-strncpy.o)
 .bss           0x000000004000050c        0x0 /opt/cross/lib/gcc/arm-elf/4.5.2/libgcc.a(_udivsi3.o)
 .bss           0x000000004000050c        0x0 /opt/cross/lib/gcc/arm-elf/4.5.2/libgcc.a(_umodsi3.o)
 .bss           0x000000004000050c        0x0 /opt/cross/lib/gcc/arm-elf/4.5.2/libgcc.a(_dvmd_tls.o)
                0x000000004000050c                . = ALIGN (0x4)
                0x000000004000050c                _bss_end__ = .
                0x000000004000050c                __bss_end__ = .
                0x000000004000050c                __end__ = .

.usbram         0x000000007fd00000        0x0
                0x000000007fd00000                __usbram_beg__ = .
 *(.dmaram)
                0x000000007fd00000                __usbram_end__ = .

.ethram         0x000000007fe00000        0x0
                0x000000007fe00000                __ethram_beg__ = .
 *(.ethram)
                0x000000007fe00000                __ethram_end__ = .
                0x000000007fe00000                . = ALIGN (0x4)
                0x000000007fe00000                _end = .
                0x000000007fe00000                PROVIDE (end, .)
LOAD boot.o
LOAD isoc_io_sample.o
LOAD hwsys.o
LOAD ../../libgfe2368.a
LOAD ../../liblpc23xx/liblpc23xx.a
LOAD /opt/cross/arm-elf/lib/libc.a
LOAD /opt/cross/arm-elf/lib/libm.a
LOAD /opt/cross/lib/gcc/arm-elf/4.5.2/libgcc.a
OUTPUT(isoc_io_sample.out elf32-littlearm)

.ARM.attributes
                0x0000000000000000       0x10
 .ARM.attributes
                0x0000000000000000       0x10 boot.o
 .ARM.attributes
                0x0000000000000010       0x10 isoc_io_sample.o
 .ARM.attributes
                0x0000000000000020       0x10 hwsys.o
 .ARM.attributes
                0x0000000000000030       0x10 ../../libgfe2368.a(gfe2368-info.o)
 .ARM.attributes
                0x0000000000000040       0x10 ../../libgfe2368.a(gfe2368-util.o)
 .ARM.attributes
                0x0000000000000050       0x10 ../../liblpc23xx/liblpc23xx.a(lpc23xx-mam.o)
 .ARM.attributes
                0x0000000000000060       0x10 ../../liblpc23xx/liblpc23xx.a(lpc23xx-pll.o)
 .ARM.attributes
                0x0000000000000070       0x10 ../../liblpc23xx/liblpc23xx.a(lpc23xx-uart.o)
 .ARM.attributes
                0x0000000000000080       0x10 ../../liblpc23xx/liblpc23xx.a(lpc23xx-util.o)
 .ARM.attributes
                0x0000000000000090       0x10 ../../liblpc23xx/liblpc23xx.a(printf-lpc.o)
 .ARM.attributes
                0x00000000000000a0       0x10 /opt/cross/arm-elf/lib/libc.a(lib_a-strlen.o)
 .ARM.attributes
                0x00000000000000b0       0x10 /opt/cross/arm-elf/lib/libc.a(lib_a-strncpy.o)
 .ARM.attributes
                0x00000000000000c0       0x10 /opt/cross/lib/gcc/arm-elf/4.5.2/libgcc.a(_udivsi3.o)
 .ARM.attributes
                0x00000000000000d0       0x10 /opt/cross/lib/gcc/arm-elf/4.5.2/libgcc.a(_umodsi3.o)
 .ARM.attributes
                0x00000000000000e0       0x10 /opt/cross/lib/gcc/arm-elf/4.5.2/libgcc.a(_dvmd_tls.o)

.comment        0x0000000000000000       0x11
 .comment       0x0000000000000000       0x11 isoc_io_sample.o
                                         0x12 (size before relaxing)
 .comment       0x0000000000000000       0x12 hwsys.o
 .comment       0x0000000000000000       0x12 ../../libgfe2368.a(gfe2368-info.o)
 .comment       0x0000000000000000       0x12 ../../libgfe2368.a(gfe2368-util.o)
 .comment       0x0000000000000000       0x12 ../../liblpc23xx/liblpc23xx.a(lpc23xx-mam.o)
 .comment       0x0000000000000000       0x12 ../../liblpc23xx/liblpc23xx.a(lpc23xx-pll.o)
 .comment       0x0000000000000000       0x12 ../../liblpc23xx/liblpc23xx.a(lpc23xx-uart.o)
 .comment       0x0000000000000000       0x12 ../../liblpc23xx/liblpc23xx.a(lpc23xx-util.o)
 .comment       0x0000000000000000       0x12 ../../liblpc23xx/liblpc23xx.a(printf-lpc.o)
 .comment       0x0000000000000000       0x12 /opt/cross/arm-elf/lib/libc.a(lib_a-strlen.o)
 .comment       0x0000000000000000       0x12 /opt/cross/arm-elf/lib/libc.a(lib_a-strncpy.o)

.debug_line     0x0000000000000000      0xfd9
 .debug_line    0x0000000000000000       0x78 boot.o
 .debug_line    0x0000000000000078       0xcd isoc_io_sample.o
 .debug_line    0x0000000000000145       0x3a hwsys.o
 .debug_line    0x000000000000017f       0xb2 ../../libgfe2368.a(gfe2368-info.o)
 .debug_line    0x0000000000000231      0x179 ../../libgfe2368.a(gfe2368-util.o)
 .debug_line    0x00000000000003aa       0xf9 ../../liblpc23xx/liblpc23xx.a(lpc23xx-mam.o)
 .debug_line    0x00000000000004a3      0x26d ../../liblpc23xx/liblpc23xx.a(lpc23xx-pll.o)
 .debug_line    0x0000000000000710      0x1a2 ../../liblpc23xx/liblpc23xx.a(lpc23xx-uart.o)
 .debug_line    0x00000000000008b2      0x21b ../../liblpc23xx/liblpc23xx.a(lpc23xx-util.o)
 .debug_line    0x0000000000000acd      0x116 ../../liblpc23xx/liblpc23xx.a(printf-lpc.o)
 .debug_line    0x0000000000000be3      0x11e /opt/cross/arm-elf/lib/libc.a(lib_a-strlen.o)
 .debug_line    0x0000000000000d01      0x157 /opt/cross/arm-elf/lib/libc.a(lib_a-strncpy.o)
 .debug_line    0x0000000000000e58       0x98 /opt/cross/lib/gcc/arm-elf/4.5.2/libgcc.a(_udivsi3.o)
 .debug_line    0x0000000000000ef0       0x7f /opt/cross/lib/gcc/arm-elf/4.5.2/libgcc.a(_umodsi3.o)
 .debug_line    0x0000000000000f6f       0x6a /opt/cross/lib/gcc/arm-elf/4.5.2/libgcc.a(_dvmd_tls.o)

.debug_info     0x0000000000000000     0x1adf
 .debug_info    0x0000000000000000       0x5e boot.o
 .debug_info    0x000000000000005e      0x10c isoc_io_sample.o
 .debug_info    0x000000000000016a       0x76 hwsys.o
 .debug_info    0x00000000000001e0      0x13a ../../libgfe2368.a(gfe2368-info.o)
 .debug_info    0x000000000000031a      0x1d0 ../../libgfe2368.a(gfe2368-util.o)
 .debug_info    0x00000000000004ea      0x163 ../../liblpc23xx/liblpc23xx.a(lpc23xx-mam.o)
 .debug_info    0x000000000000064d      0x4bc ../../liblpc23xx/liblpc23xx.a(lpc23xx-pll.o)
 .debug_info    0x0000000000000b09      0x327 ../../liblpc23xx/liblpc23xx.a(lpc23xx-uart.o)
 .debug_info    0x0000000000000e30      0x6a8 ../../liblpc23xx/liblpc23xx.a(lpc23xx-util.o)
 .debug_info    0x00000000000014d8      0x23d ../../liblpc23xx/liblpc23xx.a(printf-lpc.o)
 .debug_info    0x0000000000001715       0xb1 /opt/cross/arm-elf/lib/libc.a(lib_a-strlen.o)
 .debug_info    0x00000000000017c6      0x121 /opt/cross/arm-elf/lib/libc.a(lib_a-strncpy.o)
 .debug_info    0x00000000000018e7       0xa8 /opt/cross/lib/gcc/arm-elf/4.5.2/libgcc.a(_udivsi3.o)
 .debug_info    0x000000000000198f       0xa8 /opt/cross/lib/gcc/arm-elf/4.5.2/libgcc.a(_umodsi3.o)
 .debug_info    0x0000000000001a37       0xa8 /opt/cross/lib/gcc/arm-elf/4.5.2/libgcc.a(_dvmd_tls.o)

.debug_abbrev   0x0000000000000000      0xb23
 .debug_abbrev  0x0000000000000000       0x12 boot.o
 .debug_abbrev  0x0000000000000012       0x95 isoc_io_sample.o
 .debug_abbrev  0x00000000000000a7       0x29 hwsys.o
 .debug_abbrev  0x00000000000000d0       0xea ../../libgfe2368.a(gfe2368-info.o)
 .debug_abbrev  0x00000000000001ba       0xc0 ../../libgfe2368.a(gfe2368-util.o)
 .debug_abbrev  0x000000000000027a       0xd1 ../../liblpc23xx/liblpc23xx.a(lpc23xx-mam.o)
 .debug_abbrev  0x000000000000034b      0x14e ../../liblpc23xx/liblpc23xx.a(lpc23xx-pll.o)
 .debug_abbrev  0x0000000000000499      0x19b ../../liblpc23xx/liblpc23xx.a(lpc23xx-uart.o)
 .debug_abbrev  0x0000000000000634      0x28f ../../liblpc23xx/liblpc23xx.a(lpc23xx-util.o)
 .debug_abbrev  0x00000000000008c3      0x11b ../../liblpc23xx/liblpc23xx.a(printf-lpc.o)
 .debug_abbrev  0x00000000000009de       0x6d /opt/cross/arm-elf/lib/libc.a(lib_a-strlen.o)
 .debug_abbrev  0x0000000000000a4b       0x9c /opt/cross/arm-elf/lib/libc.a(lib_a-strncpy.o)
 .debug_abbrev  0x0000000000000ae7       0x14 /opt/cross/lib/gcc/arm-elf/4.5.2/libgcc.a(_udivsi3.o)
 .debug_abbrev  0x0000000000000afb       0x14 /opt/cross/lib/gcc/arm-elf/4.5.2/libgcc.a(_umodsi3.o)
 .debug_abbrev  0x0000000000000b0f       0x14 /opt/cross/lib/gcc/arm-elf/4.5.2/libgcc.a(_dvmd_tls.o)

.debug_aranges  0x0000000000000000      0x1e8
 .debug_aranges
                0x0000000000000000       0x28 boot.o
 .debug_aranges
                0x0000000000000028       0x20 isoc_io_sample.o
 .debug_aranges
                0x0000000000000048       0x20 hwsys.o
 .debug_aranges
                0x0000000000000068       0x20 ../../libgfe2368.a(gfe2368-info.o)
 .debug_aranges
                0x0000000000000088       0x20 ../../libgfe2368.a(gfe2368-util.o)
 .debug_aranges
                0x00000000000000a8       0x20 ../../liblpc23xx/liblpc23xx.a(lpc23xx-mam.o)
 .debug_aranges
                0x00000000000000c8       0x20 ../../liblpc23xx/liblpc23xx.a(lpc23xx-pll.o)
 .debug_aranges
                0x00000000000000e8       0x20 ../../liblpc23xx/liblpc23xx.a(lpc23xx-uart.o)
 .debug_aranges
                0x0000000000000108       0x20 ../../liblpc23xx/liblpc23xx.a(lpc23xx-util.o)
 .debug_aranges
                0x0000000000000128       0x20 ../../liblpc23xx/liblpc23xx.a(printf-lpc.o)
 .debug_aranges
                0x0000000000000148       0x20 /opt/cross/arm-elf/lib/libc.a(lib_a-strlen.o)
 .debug_aranges
                0x0000000000000168       0x20 /opt/cross/arm-elf/lib/libc.a(lib_a-strncpy.o)
 .debug_aranges
                0x0000000000000188       0x20 /opt/cross/lib/gcc/arm-elf/4.5.2/libgcc.a(_udivsi3.o)
 .debug_aranges
                0x00000000000001a8       0x20 /opt/cross/lib/gcc/arm-elf/4.5.2/libgcc.a(_umodsi3.o)
 .debug_aranges
                0x00000000000001c8       0x20 /opt/cross/lib/gcc/arm-elf/4.5.2/libgcc.a(_dvmd_tls.o)

.debug_ranges   0x0000000000000000      0x330
 .debug_ranges  0x0000000000000000       0x20 boot.o
 .debug_ranges  0x0000000000000020       0x18 ../../liblpc23xx/liblpc23xx.a(lpc23xx-mam.o)
 .debug_ranges  0x0000000000000038      0x210 ../../liblpc23xx/liblpc23xx.a(lpc23xx-pll.o)
 .debug_ranges  0x0000000000000248       0x30 ../../liblpc23xx/liblpc23xx.a(lpc23xx-uart.o)
 .debug_ranges  0x0000000000000278       0xb8 ../../liblpc23xx/liblpc23xx.a(lpc23xx-util.o)

.debug_loc      0x0000000000000000      0xc1e
 .debug_loc     0x0000000000000000       0x20 isoc_io_sample.o
 .debug_loc     0x0000000000000020       0x58 ../../libgfe2368.a(gfe2368-info.o)
 .debug_loc     0x0000000000000078       0xb0 ../../libgfe2368.a(gfe2368-util.o)
 .debug_loc     0x0000000000000128       0x46 ../../liblpc23xx/liblpc23xx.a(lpc23xx-mam.o)
 .debug_loc     0x000000000000016e      0x227 ../../liblpc23xx/liblpc23xx.a(lpc23xx-pll.o)
 .debug_loc     0x0000000000000395       0xd8 ../../liblpc23xx/liblpc23xx.a(lpc23xx-uart.o)
 .debug_loc     0x000000000000046d      0x51e ../../liblpc23xx/liblpc23xx.a(lpc23xx-util.o)
 .debug_loc     0x000000000000098b      0x18c ../../liblpc23xx/liblpc23xx.a(printf-lpc.o)
 .debug_loc     0x0000000000000b17       0x13 /opt/cross/arm-elf/lib/libc.a(lib_a-strlen.o)
 .debug_loc     0x0000000000000b2a       0xf4 /opt/cross/arm-elf/lib/libc.a(lib_a-strncpy.o)

.debug_pubnames
                0x0000000000000000      0x47c
 .debug_pubnames
                0x0000000000000000       0x4c isoc_io_sample.o
 .debug_pubnames
                0x000000000000004c       0x54 hwsys.o
 .debug_pubnames
                0x00000000000000a0       0x43 ../../libgfe2368.a(gfe2368-info.o)
 .debug_pubnames
                0x00000000000000e3       0x57 ../../libgfe2368.a(gfe2368-util.o)
 .debug_pubnames
                0x000000000000013a       0x47 ../../liblpc23xx/liblpc23xx.a(lpc23xx-mam.o)
 .debug_pubnames
                0x0000000000000181       0xaf ../../liblpc23xx/liblpc23xx.a(lpc23xx-pll.o)
 .debug_pubnames
                0x0000000000000230       0xdf ../../liblpc23xx/liblpc23xx.a(lpc23xx-uart.o)
 .debug_pubnames
                0x000000000000030f      0x103 ../../liblpc23xx/liblpc23xx.a(lpc23xx-util.o)
 .debug_pubnames
                0x0000000000000412       0x2f ../../liblpc23xx/liblpc23xx.a(printf-lpc.o)
 .debug_pubnames
                0x0000000000000441       0x1d /opt/cross/arm-elf/lib/libc.a(lib_a-strlen.o)
 .debug_pubnames
                0x000000000000045e       0x1e /opt/cross/arm-elf/lib/libc.a(lib_a-strncpy.o)

.debug_pubtypes
                0x0000000000000000      0x24c
 .debug_pubtypes
                0x0000000000000000       0x2b isoc_io_sample.o
 .debug_pubtypes
                0x000000000000002b       0x36 ../../libgfe2368.a(gfe2368-info.o)
 .debug_pubtypes
                0x0000000000000061       0x5b ../../libgfe2368.a(gfe2368-util.o)
 .debug_pubtypes
                0x00000000000000bc       0x34 ../../liblpc23xx/liblpc23xx.a(lpc23xx-mam.o)
 .debug_pubtypes
                0x00000000000000f0       0x44 ../../liblpc23xx/liblpc23xx.a(lpc23xx-pll.o)
 .debug_pubtypes
                0x0000000000000134       0x68 ../../liblpc23xx/liblpc23xx.a(lpc23xx-uart.o)
 .debug_pubtypes
                0x000000000000019c       0x38 ../../liblpc23xx/liblpc23xx.a(lpc23xx-util.o)
 .debug_pubtypes
                0x00000000000001d4       0x3e ../../liblpc23xx/liblpc23xx.a(printf-lpc.o)
 .debug_pubtypes
                0x0000000000000212       0x1d /opt/cross/arm-elf/lib/libc.a(lib_a-strlen.o)
 .debug_pubtypes
                0x000000000000022f       0x1d /opt/cross/arm-elf/lib/libc.a(lib_a-strncpy.o)

.debug_str      0x0000000000000000      0x8e0
 .debug_str     0x0000000000000000       0xef isoc_io_sample.o
                                        0x128 (size before relaxing)
 .debug_str     0x00000000000000ef       0x3a hwsys.o
                                         0x7b (size before relaxing)
 .debug_str     0x0000000000000129       0x98 ../../libgfe2368.a(gfe2368-info.o)
                                        0x136 (size before relaxing)
 .debug_str     0x00000000000001c1      0x138 ../../libgfe2368.a(gfe2368-util.o)
                                        0x201 (size before relaxing)
 .debug_str     0x00000000000002f9       0x87 ../../liblpc23xx/liblpc23xx.a(lpc23xx-mam.o)
                                        0x182 (size before relaxing)
 .debug_str     0x0000000000000380       0xb2 ../../liblpc23xx/liblpc23xx.a(lpc23xx-pll.o)
                                        0x1f1 (size before relaxing)
 .debug_str     0x0000000000000432      0x187 ../../liblpc23xx/liblpc23xx.a(lpc23xx-uart.o)
                                        0x2d3 (size before relaxing)
 .debug_str     0x00000000000005b9      0x155 ../../liblpc23xx/liblpc23xx.a(lpc23xx-util.o)
                                        0x254 (size before relaxing)
 .debug_str     0x000000000000070e       0x74 ../../liblpc23xx/liblpc23xx.a(printf-lpc.o)
                                        0x15c (size before relaxing)
 .debug_str     0x0000000000000782       0xa4 /opt/cross/arm-elf/lib/libc.a(lib_a-strlen.o)
                                        0x139 (size before relaxing)
 .debug_str     0x0000000000000826       0xba /opt/cross/arm-elf/lib/libc.a(lib_a-strncpy.o)
                                        0x156 (size before relaxing)

.debug_frame    0x0000000000000000      0x518
 .debug_frame   0x0000000000000000       0x28 isoc_io_sample.o
 .debug_frame   0x0000000000000028       0x50 hwsys.o
 .debug_frame   0x0000000000000078       0x44 ../../libgfe2368.a(gfe2368-info.o)
 .debug_frame   0x00000000000000bc       0x78 ../../libgfe2368.a(gfe2368-util.o)
 .debug_frame   0x0000000000000134       0x48 ../../liblpc23xx/liblpc23xx.a(lpc23xx-mam.o)
 .debug_frame   0x000000000000017c       0x98 ../../liblpc23xx/liblpc23xx.a(lpc23xx-pll.o)
 .debug_frame   0x0000000000000214       0xc0 ../../liblpc23xx/liblpc23xx.a(lpc23xx-uart.o)
 .debug_frame   0x00000000000002d4      0x158 ../../liblpc23xx/liblpc23xx.a(lpc23xx-util.o)
 .debug_frame   0x000000000000042c       0x54 ../../liblpc23xx/liblpc23xx.a(printf-lpc.o)
 .debug_frame   0x0000000000000480       0x20 /opt/cross/arm-elf/lib/libc.a(lib_a-strlen.o)
 .debug_frame   0x00000000000004a0       0x28 /opt/cross/arm-elf/lib/libc.a(lib_a-strncpy.o)
 .debug_frame   0x00000000000004c8       0x28 /opt/cross/lib/gcc/arm-elf/4.5.2/libgcc.a(_udivsi3.o)
 .debug_frame   0x00000000000004f0       0x28 /opt/cross/lib/gcc/arm-elf/4.5.2/libgcc.a(_umodsi3.o)
